Started by upstream project "Abode-Website-Pipeline" build number 11
originally caused by:
 Docker Hub Push
Obtained pipelines/build-pipeline.groovy from git https://github.com/arkb2023/abode-website.git
[Pipeline] Start of Pipeline
[Pipeline] node
Running on Jenkins in /var/lib/jenkins/workspace/Job1-Build
[Pipeline] {
[Pipeline] stage
[Pipeline] { (Declarative: Checkout SCM)
[Pipeline] checkout
Selected Git installation does not exist. Using Default
The recommended git tool is: NONE
No credentials specified
 > git rev-parse --resolve-git-dir /var/lib/jenkins/workspace/Job1-Build/.git # timeout=10
Fetching changes from the remote Git repository
 > git config remote.origin.url https://github.com/arkb2023/abode-website.git # timeout=10
Fetching upstream changes from https://github.com/arkb2023/abode-website.git
 > git --version # timeout=10
 > git --version # 'git version 2.34.1'
 > git fetch --tags --force --progress -- https://github.com/arkb2023/abode-website.git +refs/heads/*:refs/remotes/origin/* # timeout=10
 > git rev-parse refs/remotes/origin/main^{commit} # timeout=10
Checking out Revision 4c76461424d5c31b3f18a9b9a613e1a09f240a00 (refs/remotes/origin/main)
 > git config core.sparsecheckout # timeout=10
 > git checkout -f 4c76461424d5c31b3f18a9b9a613e1a09f240a00 # timeout=10
Commit message: "Test 05"
 > git rev-list --no-walk 4c76461424d5c31b3f18a9b9a613e1a09f240a00 # timeout=10
[Pipeline] }
[Pipeline] // stage
[Pipeline] withEnv
[Pipeline] {
[Pipeline] stage
[Pipeline] { (Image Validation)
[Pipeline] script
[Pipeline] {
[Pipeline] sh
+ chmod +x scripts/smoke.sh
+ ./scripts/smoke.sh arkb2023/abode-website:develop-v1.0-6-4134157
Pulling image from Docker Hub...
   Image: arkb2023/abode-website:develop-v1.0-6-4134157
develop-v1.0-6-4134157: Pulling from arkb2023/abode-website
0460f5d0f790: Pulling fs layer
566fae5a9f8d: Pulling fs layer
0460f5d0f790: Download complete
566fae5a9f8d: Download complete
566fae5a9f8d: Pull complete
0460f5d0f790: Pull complete
Digest: sha256:d80a785f4fcb88521cbe83dd72beef296f43d1d130cf39443cf35dc1583af0d4
Status: Downloaded newer image for arkb2023/abode-website:develop-v1.0-6-4134157
docker.io/arkb2023/abode-website:develop-v1.0-6-4134157
Image pulled successfully
Validating image: arkb2023/abode-website:develop-v1.0-6-4134157
Testing on dynamic port...
Dynamic port: 37573
0cb26cb92e5019d3ed07df8cf9d9e3b4eb9dc91a2814f2e1d89aa84f274a9ef4
  % Total    % Received % Xferd  Average Speed   Time    Time     Time  Current
                                 Dload  Upload   Total   Spent    Left  Speed

  0     0    0     0    0     0      0      0 --:--:-- --:--:-- --:--:--     0
100   193  100   193    0     0   142k      0 --:--:-- --:--:-- --:--:--  188k
  % Total    % Received % Xferd  Average Speed   Time    Time     Time  Current
                                 Dload  Upload   Total   Spent    Left  Speed

  0     0    0     0    0     0      0      0 --:--:-- --:--:-- --:--:--     0
  0   193    0     0    0     0      0      0 --:--:-- --:--:-- --:--:--     0
smoke-test
smoke-test
Smoke test PASSED
[Pipeline] }
[Pipeline] // script
[Pipeline] }
[Pipeline] // stage
[Pipeline] stage
[Pipeline] { (Declarative: Post Actions)
[Pipeline] archiveArtifacts
Archiving artifacts
[Pipeline] echo
Smoke test passed
[Pipeline] }
[Pipeline] // stage
[Pipeline] }
[Pipeline] // withEnv
[Pipeline] }
[Pipeline] // node
[Pipeline] End of Pipeline
Finished: SUCCESS