[Container] 2026/01/23 16:26:06.517177 Running command echo ""


[Container] 2026/01/23 16:26:06.523335 Running command echo ""


[Container] 2026/01/23 16:26:06.529115 Running command echo "+++++++++++++++++BUILD++++++++++++++++++++++++++++++++"
+++++++++++++++++BUILD++++++++++++++++++++++++++++++++

[Container] 2026/01/23 16:26:06.534901 Running command echo "CODEBUILD_WEBHOOK_HEAD_REF:" "$CODEBUILD_WEBHOOK_HEAD_REF"
CODEBUILD_WEBHOOK_HEAD_REF: refs/heads/main

[Container] 2026/01/23 16:26:06.540687 Running command BRANCH=$(echo $CODEBUILD_WEBHOOK_HEAD_REF | sed 's|refs/heads/||')

[Container] 2026/01/23 16:26:06.583427 Running command echo "BRANCH:" "$BRANCH"
BRANCH: main

[Container] 2026/01/23 16:26:06.589095 Running command COMMIT_SHA=$(echo $CODEBUILD_RESOLVED_SOURCE_VERSION | cut -c 1-7)

[Container] 2026/01/23 16:26:06.596523 Running command echo "COMMIT_SHA:" "$COMMIT_SHA"
COMMIT_SHA: 4c76461

[Container] 2026/01/23 16:26:06.602272 Running command BUILD_NUM=${CODEBUILD_BUILD_NUMBER}

[Container] 2026/01/23 16:26:06.607979 Running command echo "BUILD_NUM:" "$BUILD_NUM"
BUILD_NUM: 5

[Container] 2026/01/23 16:26:06.613821 Running command IMAGE_TAG="${BRANCH}-v1.0-${BUILD_NUM}-${COMMIT_SHA}"

[Container] 2026/01/23 16:26:06.619608 Running command echo "Building:" "***/abode-website:${IMAGE_TAG}"
Building: ***/abode-website:main-v1.0-5-4c76461

[Container] 2026/01/23 16:26:06.625234 Running command docker build -t ***/abode-website:${IMAGE_TAG} .
#0 building with "default" instance using docker driver

#1 [internal] load build definition from Dockerfile
#1 transferring dockerfile: 469B done
#1 DONE 0.0s

#2 [internal] load metadata for docker.io/hshar/webapp:latest
#2 ...

#3 [auth] hshar/webapp:pull token for registry-1.docker.io
#3 DONE 0.0s

#2 [internal] load metadata for docker.io/hshar/webapp:latest
#2 DONE 2.8s

#4 [internal] load .dockerignore
#4 transferring context: 2B done
#4 DONE 0.0s

#5 [internal] load build context
#5 transferring context: 285.49kB 0.0s done
#5 DONE 0.0s

#6 [1/3] FROM docker.io/hshar/webapp:latest@sha256:3c7cbcab1a26c01410dcc9cbc57252b50d9ed2f31a2dc24e3f066c61b88e839b
#6 resolve docker.io/hshar/webapp:latest@sha256:3c7cbcab1a26c01410dcc9cbc57252b50d9ed2f31a2dc24e3f066c61b88e839b 0.0s done
#6 sha256:a48c500ed24e62926cb079df35f964c57d8bb08159b1d29c6a3b0a58dc365dc1 0B / 30.96MB 0.2s
#6 sha256:3c7cbcab1a26c01410dcc9cbc57252b50d9ed2f31a2dc24e3f066c61b88e839b 1.99kB / 1.99kB done
#6 sha256:1e1de00ff7e1fea0858b6a4b5ca208eeca970607ea9a6eb5fc972494e7a0cdde 0B / 841B 0.2s
#6 sha256:0330ca45a200e1fcef05ae97f434366d262a1c50b3dc053e7928b58dd37211dd 0B / 412B 0.2s
#6 sha256:0cbc1f535ed893def74f0373dd45d3b1e583c7405d6d46061deecbffaa0ec8bf 4.22kB / 4.22kB done
#6 sha256:a48c500ed24e62926cb079df35f964c57d8bb08159b1d29c6a3b0a58dc365dc1 10.49MB / 30.96MB 0.3s
#6 sha256:a48c500ed24e62926cb079df35f964c57d8bb08159b1d29c6a3b0a58dc365dc1 30.96MB / 30.96MB 0.4s
#6 extracting sha256:a48c500ed24e62926cb079df35f964c57d8bb08159b1d29c6a3b0a58dc365dc1
#6 sha256:a48c500ed24e62926cb079df35f964c57d8bb08159b1d29c6a3b0a58dc365dc1 30.96MB / 30.96MB 0.4s done
#6 sha256:1e1de00ff7e1fea0858b6a4b5ca208eeca970607ea9a6eb5fc972494e7a0cdde 841B / 841B 0.4s done
#6 sha256:471db38bcfbf0f5bac78012b9d458dfd37309d5cbb99d4e95310321a60a0cfdf 0B / 849B 0.6s
#6 sha256:0b4aba487617ca27519745ae722b8ea1917474c495b91b3c4887728a3f2ee7db 0B / 162B 0.6s
#6 sha256:0330ca45a200e1fcef05ae97f434366d262a1c50b3dc053e7928b58dd37211dd 412B / 412B 0.6s done
#6 sha256:471db38bcfbf0f5bac78012b9d458dfd37309d5cbb99d4e95310321a60a0cfdf 849B / 849B 0.7s done
#6 sha256:0b4aba487617ca27519745ae722b8ea1917474c495b91b3c4887728a3f2ee7db 162B / 162B 0.7s done
#6 sha256:4c2cc0ff3ce897034cd3a7d0d6ba6344c5691b551f413b610a5299992b9c3d4f 0B / 2.15kB 0.7s
#6 sha256:c2e32ec79cfd8c75ba772667d13c9ec9b9085465eb66f96774575a88c5a86074 0B / 90.99MB 0.7s
#6 sha256:a18d6ba75273e292f3591ecf0d60b74682c729cf2f3c22db5f4771b99b469544 0B / 1.22kB 0.7s
#6 sha256:4c2cc0ff3ce897034cd3a7d0d6ba6344c5691b551f413b610a5299992b9c3d4f 2.15kB / 2.15kB 0.9s done
#6 sha256:c2e32ec79cfd8c75ba772667d13c9ec9b9085465eb66f96774575a88c5a86074 8.39MB / 90.99MB 1.0s
#6 sha256:a18d6ba75273e292f3591ecf0d60b74682c729cf2f3c22db5f4771b99b469544 1.22kB / 1.22kB 0.9s done
#6 sha256:c2e32ec79cfd8c75ba772667d13c9ec9b9085465eb66f96774575a88c5a86074 17.83MB / 90.99MB 1.1s
#6 sha256:c2e32ec79cfd8c75ba772667d13c9ec9b9085465eb66f96774575a88c5a86074 27.26MB / 90.99MB 1.2s
#6 sha256:c2e32ec79cfd8c75ba772667d13c9ec9b9085465eb66f96774575a88c5a86074 40.89MB / 90.99MB 1.3s
#6 sha256:c2e32ec79cfd8c75ba772667d13c9ec9b9085465eb66f96774575a88c5a86074 65.01MB / 90.99MB 1.5s
#6 sha256:c2e32ec79cfd8c75ba772667d13c9ec9b9085465eb66f96774575a88c5a86074 80.74MB / 90.99MB 1.7s
#6 sha256:c2e32ec79cfd8c75ba772667d13c9ec9b9085465eb66f96774575a88c5a86074 90.99MB / 90.99MB 1.8s
#6 sha256:c2e32ec79cfd8c75ba772667d13c9ec9b9085465eb66f96774575a88c5a86074 90.99MB / 90.99MB 1.9s done
#6 extracting sha256:a48c500ed24e62926cb079df35f964c57d8bb08159b1d29c6a3b0a58dc365dc1 1.6s done
#6 extracting sha256:1e1de00ff7e1fea0858b6a4b5ca208eeca970607ea9a6eb5fc972494e7a0cdde done
#6 extracting sha256:0330ca45a200e1fcef05ae97f434366d262a1c50b3dc053e7928b58dd37211dd
#6 extracting sha256:0330ca45a200e1fcef05ae97f434366d262a1c50b3dc053e7928b58dd37211dd done
#6 extracting sha256:471db38bcfbf0f5bac78012b9d458dfd37309d5cbb99d4e95310321a60a0cfdf done
#6 extracting sha256:0b4aba487617ca27519745ae722b8ea1917474c495b91b3c4887728a3f2ee7db done
#6 extracting sha256:c2e32ec79cfd8c75ba772667d13c9ec9b9085465eb66f96774575a88c5a86074
#6 extracting sha256:c2e32ec79cfd8c75ba772667d13c9ec9b9085465eb66f96774575a88c5a86074 3.6s done
#6 extracting sha256:a18d6ba75273e292f3591ecf0d60b74682c729cf2f3c22db5f4771b99b469544
#6 extracting sha256:a18d6ba75273e292f3591ecf0d60b74682c729cf2f3c22db5f4771b99b469544 done
#6 extracting sha256:4c2cc0ff3ce897034cd3a7d0d6ba6344c5691b551f413b610a5299992b9c3d4f done
#6 DONE 6.4s

#7 [2/3] COPY . /var/www/html/
#7 DONE 0.6s

#8 [3/3] RUN chown -R www-data:www-data /var/www/html/     && chmod -R 755 /var/www/html/
#8 DONE 0.7s

#9 exporting to image
#9 exporting layers 0.0s done
#9 writing image sha256:91319dead53efb6cf97ea100f42d2200afded38e8b98e0704f71fe3d2e29a54c done
#9 naming to docker.io/***/abode-website:main-v1.0-5-4c76461 done
#9 DONE 0.1s

[Container] 2026/01/23 16:26:17.438914 Phase complete: BUILD State: SUCCEEDED
[Container] 2026/01/23 16:26:17.438933 Phase context status code:  Message: 
[Container] 2026/01/23 16:26:17.476316 Entering phase POST_BUILD
[Container] 2026/01/23 16:26:17.477491 Running command echo ""


[Container] 2026/01/23 16:26:17.483442 Running command echo ""


[Container] 2026/01/23 16:26:17.489201 Running command echo "+++++++++++++++++POST BUILD++++++++++++++++++++++++++++++++"
+++++++++++++++++POST BUILD++++++++++++++++++++++++++++++++

[Container] 2026/01/23 16:26:17.494866 Running command echo "Pushing to Docker Hub..."
Pushing to Docker Hub...

[Container] 2026/01/23 16:26:17.500688 Running command echo "CODEBUILD_WEBHOOK_HEAD_REF:" "$CODEBUILD_WEBHOOK_HEAD_REF"
CODEBUILD_WEBHOOK_HEAD_REF: refs/heads/main

[Container] 2026/01/23 16:26:17.506309 Running command BRANCH=$(echo $CODEBUILD_WEBHOOK_HEAD_REF | sed 's|refs/heads/||')

[Container] 2026/01/23 16:26:17.512995 Running command echo "BRANCH:" "$BRANCH"
BRANCH: main

[Container] 2026/01/23 16:26:17.518732 Running command COMMIT_SHA=$(echo $CODEBUILD_RESOLVED_SOURCE_VERSION | cut -c 1-7)

[Container] 2026/01/23 16:26:17.525350 Running command echo "COMMIT_SHA:" "$COMMIT_SHA"
COMMIT_SHA: 4c76461

[Container] 2026/01/23 16:26:17.531126 Running command BUILD_NUM=${CODEBUILD_BUILD_NUMBER}

[Container] 2026/01/23 16:26:17.536794 Running command echo "BUILD_NUM:" "$BUILD_NUM"
BUILD_NUM: 5

[Container] 2026/01/23 16:26:17.542534 Running command IMAGE_TAG="${BRANCH}-v1.0-${BUILD_NUM}-${COMMIT_SHA}"

[Container] 2026/01/23 16:26:17.548170 Running command docker push ***/abode-website:${IMAGE_TAG}
The push refers to repository [docker.io/***/abode-website]
570d22e29055: Preparing
263324d59083: Preparing
f9445cdd87ab: Preparing
3e59a52a52d1: Preparing
754d8c63561b: Preparing
059ad60bcacf: Preparing
8db5f072feec: Preparing
67885e448177: Preparing
ec75999a0cb1: Preparing
65bdd50ee76a: Preparing
059ad60bcacf: Waiting
ec75999a0cb1: Waiting
8db5f072feec: Waiting
67885e448177: Waiting
65bdd50ee76a: Waiting
3e59a52a52d1: Layer already exists
754d8c63561b: Layer already exists
f9445cdd87ab: Layer already exists
059ad60bcacf: Layer already exists
8db5f072feec: Layer already exists
67885e448177: Layer already exists
ec75999a0cb1: Layer already exists
65bdd50ee76a: Layer already exists
263324d59083: Pushed
570d22e29055: Pushed
main-v1.0-5-4c76461: digest: sha256:f2957c4522fa293c9187fba436a5d4966c18b0354dbad2aa7df7414fd4332fc3 size: 2405

[Container] 2026/01/23 16:26:28.863013 Running command echo "Push Complete"
Push Complete

[Container] 2026/01/23 16:26:28.869017 Running command echo "Image:" "***/abode-website:${IMAGE_TAG}"
Image: ***/abode-website:main-v1.0-5-4c76461

[Container] 2026/01/23 16:26:28.874790 Running command echo "Branch:" "${BRANCH}"
Branch: main

[Container] 2026/01/23 16:26:28.880604 Running command echo "Commit:" "${COMMIT_SHA}"
Commit: 4c76461

[Container] 2026/01/23 16:26:28.886712 Phase complete: POST_BUILD State: SUCCEEDED
[Container] 2026/01/23 16:26:28.886725 Phase context status code:  Message: 
[Container] 2026/01/23 16:26:28.948491 Set report auto-discover timeout to 5 seconds
[Container] 2026/01/23 16:26:28.948529 Expanding base directory path:  .
[Container] 2026/01/23 16:26:28.951183 Assembling file list
[Container] 2026/01/23 16:26:28.951193 Expanding .
[Container] 2026/01/23 16:26:28.953493 Expanding file paths for base directory .
[Container] 2026/01/23 16:26:28.953505 Assembling file list
[Container] 2026/01/23 16:26:28.953508 Expanding **/*
[Container] 2026/01/23 16:26:28.957021 No matching auto-discover report paths found
[Container] 2026/01/23 16:26:28.957038 Report auto-discover file discovery took 0.008547 seconds
[Container] 2026/01/23 16:26:28.957048 Phase complete: UPLOAD_ARTIFACTS State: SUCCEEDED
[Container] 2026/01/23 16:26:28.957055 Phase context status code:  Message: 
No newer events at this moment. 
Auto retry paused.
