[Container] 2026/01/15 14:44:13.875097 Running on CodeBuild On-demand
[Container] 2026/01/15 14:44:13.875107 Waiting for agent ping
[Container] 2026/01/15 14:44:14.176916 Waiting for DOWNLOAD_SOURCE
[Container] 2026/01/15 14:44:18.208595 Phase is DOWNLOAD_SOURCE
[Container] 2026/01/15 14:44:18.210331 CODEBUILD_SRC_DIR=/codebuild/output/src764803381/src/github.com/***/website
[Container] 2026/01/15 14:44:18.211060 YAML location is /codebuild/output/src764803381/src/github.com/***/website/buildspec.yml
[Container] 2026/01/15 14:44:18.213385 Setting HTTP client timeout to higher timeout for Github and GitHub Enterprise sources
[Container] 2026/01/15 14:44:18.213501 Processing environment variables
[Container] 2026/01/15 14:44:18.217388 Setting HTTP client timeout to higher timeout for Github and GitHub Enterprise sources
[Container] 2026/01/15 14:44:18.271217 Setting HTTP client timeout to higher timeout for Github and GitHub Enterprise sources
[Container] 2026/01/15 14:44:18.506930 No runtime version selected in buildspec.
[Container] 2026/01/15 14:44:18.530345 Moving to directory /codebuild/output/src764803381/src/github.com/***/website
[Container] 2026/01/15 14:44:18.530371 Cache is not defined in the buildspec
[Container] 2026/01/15 14:44:18.633898 Skip cache due to: no paths specified to be cached
[Container] 2026/01/15 14:44:18.634209 Registering with agent
[Container] 2026/01/15 14:44:18.724057 Phases found in YAML: 3
[Container] 2026/01/15 14:44:18.724077  PRE_BUILD: 2 commands
[Container] 2026/01/15 14:44:18.724082  BUILD: 4 commands
[Container] 2026/01/15 14:44:18.724086  POST_BUILD: 4 commands
[Container] 2026/01/15 14:44:18.724386 Phase complete: DOWNLOAD_SOURCE State: SUCCEEDED
[Container] 2026/01/15 14:44:18.724397 Phase context status code:  Message: 
[Container] 2026/01/15 14:44:19.367389 Entering phase INSTALL
[Container] 2026/01/15 14:44:19.463833 Phase complete: INSTALL State: SUCCEEDED
[Container] 2026/01/15 14:44:19.463855 Phase context status code:  Message: 
[Container] 2026/01/15 14:44:19.497860 Entering phase PRE_BUILD
[Container] 2026/01/15 14:44:19.589755 Running command echo "Logging into Docker Hub..."
Logging into Docker Hub...

[Container] 2026/01/15 14:44:19.595724 Running command echo "$DOCKERHUB_PASSWORD" | docker login --username "$DOCKERHUB_USERNAME" --password-stdin
WARNING! Your password will be stored unencrypted in /root/.docker/config.json.
Configure a credential helper to remove this warning. See
https://docs.docker.com/engine/reference/commandline/login/#credential-stores

Login Succeeded

[Container] 2026/01/15 14:44:21.350416 Phase complete: PRE_BUILD State: SUCCEEDED
[Container] 2026/01/15 14:44:21.350435 Phase context status code:  Message: 
[Container] 2026/01/15 14:44:21.382765 Entering phase BUILD
[Container] 2026/01/15 14:44:21.383849 Running command IMAGE_TAG=$(echo $CODEBUILD_RESOLVED_SOURCE_VERSION | cut -c 1-7)

[Container] 2026/01/15 14:44:21.391506 Running command echo "Building $IMAGE_TAG..."
Building 2067c39...

[Container] 2026/01/15 14:44:21.397224 Running command docker build -t ***/website:$IMAGE_TAG .
#0 building with "default" instance using docker driver

#1 [internal] load build definition from Dockerfile
#1 transferring dockerfile: 293B done
#1 DONE 0.0s

#2 [internal] load metadata for docker.io/library/httpd:2.4-alpine
#2 ...

#3 [auth] library/httpd:pull token for registry-1.docker.io
#3 DONE 0.0s

#2 [internal] load metadata for docker.io/library/httpd:2.4-alpine
#2 DONE 2.5s

#4 [internal] load .dockerignore
#4 transferring context: 157B done
#4 DONE 0.0s

#5 [internal] load build context
#5 transferring context: 114.64kB done
#5 DONE 0.0s

#6 [1/2] FROM docker.io/library/httpd:2.4-alpine@sha256:6b7535d8a33c42b0f0f48ff0067765d518503e465b1bf6b1629230b62a466a87
#6 resolve docker.io/library/httpd:2.4-alpine@sha256:6b7535d8a33c42b0f0f48ff0067765d518503e465b1bf6b1629230b62a466a87 0.0s done
#6 sha256:6b7535d8a33c42b0f0f48ff0067765d518503e465b1bf6b1629230b62a466a87 10.21kB / 10.21kB done
#6 sha256:976c5a909175a324b4966c47c1b011642675087d8bb63ac2e025f97f74b1a069 2.29kB / 2.29kB done
#6 sha256:0bd765d2a2cb807ebdcb200a3c546108272a20ada7dd1bbd1e2bc26164e6ccb8 0B / 930B 0.1s
#6 sha256:0c4ffdba1e9e29f63e728c402fbf6888be9de3e71f47766d914a5847503822aa 0B / 146B 0.1s
#6 sha256:a505311a65f792c3b39e8a135a7870e68dcff4e585bfe0d7ca61b013943215b2 8.01kB / 8.01kB done
#6 sha256:1074353eec0db2c1d81d5af2671e56e00cf5738486f5762609ea33d606f88612 0B / 3.86MB 0.1s
#6 sha256:1074353eec0db2c1d81d5af2671e56e00cf5738486f5762609ea33d606f88612 3.86MB / 3.86MB 0.5s done
#6 extracting sha256:1074353eec0db2c1d81d5af2671e56e00cf5738486f5762609ea33d606f88612 0.1s
#6 sha256:4f4fb700ef54461cfa02571ae0db9a0dc1e0cdb5577484a6d75e68dc38e8acc1 0B / 32B 0.6s
#6 sha256:0bd765d2a2cb807ebdcb200a3c546108272a20ada7dd1bbd1e2bc26164e6ccb8 930B / 930B 0.7s done
#6 extracting sha256:1074353eec0db2c1d81d5af2671e56e00cf5738486f5762609ea33d606f88612 0.2s done
#6 extracting sha256:0bd765d2a2cb807ebdcb200a3c546108272a20ada7dd1bbd1e2bc26164e6ccb8 done
#6 sha256:0c51c0b07eaefbed47a1d88d9b290eb9759a6502fce28975ef723a6734e4d271 0B / 11.06MB 0.8s
#6 sha256:0c4ffdba1e9e29f63e728c402fbf6888be9de3e71f47766d914a5847503822aa 146B / 146B 0.9s done
#6 extracting sha256:0c4ffdba1e9e29f63e728c402fbf6888be9de3e71f47766d914a5847503822aa done
#6 sha256:e626d5c4ed2cb002334e2fa739cea5ebcc1ac9541a1ace441108e9814bf97cc5 0B / 5.90MB 0.9s
#6 extracting sha256:4f4fb700ef54461cfa02571ae0db9a0dc1e0cdb5577484a6d75e68dc38e8acc1 done
#6 sha256:4f4fb700ef54461cfa02571ae0db9a0dc1e0cdb5577484a6d75e68dc38e8acc1 32B / 32B 1.1s done
#6 sha256:988cd7d09a3138a7a8d7255b92715d0421d88637e8ae43757f6c6fae3a5c9a10 0B / 284B 1.2s
#6 sha256:0c51c0b07eaefbed47a1d88d9b290eb9759a6502fce28975ef723a6734e4d271 11.06MB / 11.06MB 1.4s
#6 sha256:e626d5c4ed2cb002334e2fa739cea5ebcc1ac9541a1ace441108e9814bf97cc5 1.05MB / 5.90MB 1.4s
#6 sha256:0c51c0b07eaefbed47a1d88d9b290eb9759a6502fce28975ef723a6734e4d271 11.06MB / 11.06MB 1.4s done
#6 sha256:e626d5c4ed2cb002334e2fa739cea5ebcc1ac9541a1ace441108e9814bf97cc5 4.19MB / 5.90MB 1.5s
#6 extracting sha256:0c51c0b07eaefbed47a1d88d9b290eb9759a6502fce28975ef723a6734e4d271 0.1s
#6 sha256:e626d5c4ed2cb002334e2fa739cea5ebcc1ac9541a1ace441108e9814bf97cc5 5.90MB / 5.90MB 1.5s done
#6 sha256:988cd7d09a3138a7a8d7255b92715d0421d88637e8ae43757f6c6fae3a5c9a10 284B / 284B 1.6s done
#6 extracting sha256:0c51c0b07eaefbed47a1d88d9b290eb9759a6502fce28975ef723a6734e4d271 0.6s done
#6 extracting sha256:e626d5c4ed2cb002334e2fa739cea5ebcc1ac9541a1ace441108e9814bf97cc5 0.1s
#6 extracting sha256:e626d5c4ed2cb002334e2fa739cea5ebcc1ac9541a1ace441108e9814bf97cc5 0.2s done
#6 extracting sha256:988cd7d09a3138a7a8d7255b92715d0421d88637e8ae43757f6c6fae3a5c9a10 done
#6 DONE 2.6s

#7 [2/2] COPY . /usr/local/apache2/htdocs/
#7 DONE 0.4s

#8 exporting to image
#8 exporting layers 0.0s done
#8 writing image sha256:6bebde0f5685976a32073a88e15d55ef37d8e3bc85834dc55c37ad304129eb19 done
#8 naming to docker.io/***/website:2067c39 done
#8 DONE 0.1s

[Container] 2026/01/15 14:44:27.223121 Running command docker tag ***/website:$IMAGE_TAG ***/website:latest

[Container] 2026/01/15 14:44:27.244761 Phase complete: BUILD State: SUCCEEDED
[Container] 2026/01/15 14:44:27.244825 Phase context status code:  Message: 
[Container] 2026/01/15 14:44:27.288871 Entering phase POST_BUILD
[Container] 2026/01/15 14:44:27.291690 Running command echo "Pushing to Docker Hub..."
Pushing to Docker Hub...

[Container] 2026/01/15 14:44:27.299879 Running command docker push ***/website:$IMAGE_TAG
The push refers to repository [docker.io/***/website]
e3d552e1142a: Preparing
8721fb47b59e: Preparing
7d85f96c5531: Preparing
2630df0199ad: Preparing
5f70bf18a086: Preparing
ab579feb79c0: Preparing
dcb85257d3c0: Preparing
7bb20cf5ef67: Preparing
ab579feb79c0: Waiting
7bb20cf5ef67: Waiting
dcb85257d3c0: Waiting
5f70bf18a086: Layer already exists
8721fb47b59e: Layer already exists
7d85f96c5531: Layer already exists
2630df0199ad: Layer already exists
ab579feb79c0: Layer already exists
dcb85257d3c0: Layer already exists
7bb20cf5ef67: Layer already exists
e3d552e1142a: Pushed
2067c39: digest: sha256:c4560f42060e0460ae8ca534ec2db432e0b95c27b6fe0d5f10751274270640c0 size: 1987

[Container] 2026/01/15 14:44:38.058607 Running command docker push ***/website:latest
The push refers to repository [docker.io/***/website]
e3d552e1142a: Preparing
8721fb47b59e: Preparing
7d85f96c5531: Preparing
2630df0199ad: Preparing
5f70bf18a086: Preparing
ab579feb79c0: Preparing
dcb85257d3c0: Preparing
7bb20cf5ef67: Preparing
ab579feb79c0: Waiting
dcb85257d3c0: Waiting
7bb20cf5ef67: Waiting
7d85f96c5531: Layer already exists
8721fb47b59e: Layer already exists
e3d552e1142a: Layer already exists
5f70bf18a086: Layer already exists
2630df0199ad: Layer already exists
7bb20cf5ef67: Layer already exists
ab579feb79c0: Layer already exists
dcb85257d3c0: Layer already exists
latest: digest: sha256:c4560f42060e0460ae8ca534ec2db432e0b95c27b6fe0d5f10751274270640c0 size: 1987

[Container] 2026/01/15 14:44:43.431480 Running command echo "Image pushed successfully"
Image pushed successfully

[Container] 2026/01/15 14:44:43.438509 Phase complete: POST_BUILD State: SUCCEEDED
[Container] 2026/01/15 14:44:43.438554 Phase context status code:  Message: 
[Container] 2026/01/15 14:44:43.491517 Set report auto-discover timeout to 5 seconds
[Container] 2026/01/15 14:44:43.491553 Expanding base directory path:  .
[Container] 2026/01/15 14:44:43.493210 Assembling file list
[Container] 2026/01/15 14:44:43.493222 Expanding .
[Container] 2026/01/15 14:44:43.495880 Expanding file paths for base directory .
[Container] 2026/01/15 14:44:43.495892 Assembling file list
[Container] 2026/01/15 14:44:43.495896 Expanding **/*
[Container] 2026/01/15 14:44:43.498296 No matching auto-discover report paths found
[Container] 2026/01/15 14:44:43.498313 Report auto-discover file discovery took 0.006797 seconds
[Container] 2026/01/15 14:44:43.498325 Phase complete: UPLOAD_ARTIFACTS State: SUCCEEDED
[Container] 2026/01/15 14:44:43.498332 Phase context status code:  Message: